// Jest Snapshot v1, https://goo.gl/fbAQLP

exports[`test modal component 1`] = `ShallowWrapper {}`;
