// Jest Snapshot v1, https://goo.gl/fbAQLP

exports[`test modal component should render 1`] = `ShallowWrapper {}`;
